[WARN ] 2021-10-07 12:21:19.319 [main] service.ReportPortal - Base url for Report Portal server is not set!
[WARN ] 2021-10-07 12:21:19.708 [main] service.ReportPortal - Base url for Report Portal server is not set!
[WARN ] 2021-10-07 12:23:28.732 [main] service.ReportPortal - Base url for Report Portal server is not set!
[WARN ] 2021-10-07 12:23:29.074 [main] service.ReportPortal - Base url for Report Portal server is not set!
